// Jest Snapshot v1, https://goo.gl/fbAQLP

exports[`<Home /> should render the Home page <Home /> correctly 1`] = `ReactWrapper {}`;
